// Jest Snapshot v1, https://goo.gl/fbAQLP

exports[`<Search /> should be able to mount <Search /> component 1`] = `
<DocumentFragment>
  <div>
    <h2
      class="sc-hLBbgP dCYQyq"
    >
      Search
    </h2>
    <div
      class="sc-bcXHqe ggCrYr"
    >
      <input
        class="sc-gswNZR EyzNS"
        placeholder="e.g.: hNrn6rCp"
        type="text"
        value=""
      />
      <button
        class="sc-dkrFOg jsUcRe"
        disabled=""
        type="submit"
      >
        SEARCH
      </button>
    </div>
    <ul
      class="sc-gKPRtg heGRtm"
    />
  </div>
</DocumentFragment>
`;
