// Jest Snapshot v1, https://goo.gl/fbAQLP

exports[`<AddSearch /> should be able to mount <AddSearch /> component 1`] = `
<DocumentFragment>
  <div>
    <h2
      class="sc-hLBbgP cHvYIq"
    >
      Add
    </h2>
    <div
      class="sc-bcXHqe ggCrYr"
    >
      <input
        class="sc-gswNZR EyzNS"
        placeholder="e.g.: security"
        type="text"
        value=""
      />
      <button
        class="sc-dkrFOg jsUcRe"
        disabled=""
        type="submit"
      >
        ADD
      </button>
    </div>
  </div>
</DocumentFragment>
`;
